// Jest Snapshot v1, https://goo.gl/fbAQLP

exports[`matches snapshot 1`] = `
<DocumentFragment>
  <div
    class="Box"
    data-testid="box"
  >
    <div
      class="deleteButton"
      data-testid="deleter"
    >
      X
    </div>
  </div>
</DocumentFragment>
`;
